C:\Users\Dell>git clone https://github.com/rohg007/DiseaseXSchema.git
Cloning into 'DiseaseXSchema'...
remote: Enumerating objects: 154, done.
remote: Counting objects: 100% (154/154), done.
remote: Compressing objects: 100% (117/117), done.
remote: Total 154 (delta 56), reused 119 (delta 29), pack-reused 0
Receiving objects: 100% (154/154), 264.30 KiB | 1.23 MiB/s, done.
Resolving deltas: 100% (56/56), done.

C:\Users\Dell>git checkout -b
error: switch `b' requires a value

C:\Users\Dell>git checkout -b hitesha
Switched to a new branch 'hitesha'

C:\Users\Dell>git branch -a

C:\Users\Dell>cd DiseaseXSchema

C:\Users\Dell\DiseaseXSchema>git branch -a
* master
  remotes/origin/HEAD -> origin/master
  remotes/origin/Hitesha
  remotes/origin/khyati
  remotes/origin/master
  remotes/origin/rohan

C:\Users\Dell\DiseaseXSchema>git checkout hitesha
error: pathspec 'hitesha' did not match any file(s) known to git

C:\Users\Dell\DiseaseXSchema>git checkout Hitesha
Switched to a new branch 'Hitesha'
Branch 'Hitesha' set up to track remote branch 'Hitesha' from 'origin'.

C:\Users\Dell\DiseaseXSchema>git pull origin khyati
From https://github.com/rohg007/DiseaseXSchema
 * branch            khyati     -> FETCH_HEAD
Merge made by the 'recursive' strategy.
 api/bin/www                                    |     2 +-
 client/.gitignore                              |    23 +
 client/README.md                               |    68 +
 client/package.json                            |    37 +
 client/public/favicon.ico                      |   Bin 0 -> 3150 bytes
 client/public/index.html                       |    43 +
 client/public/logo192.png                      |   Bin 0 -> 5347 bytes
 client/public/logo512.png                      |   Bin 0 -> 9664 bytes
 client/public/manifest.json                    |    25 +
 client/public/robots.txt                       |     3 +
 client/src/App.css                             |     0
 client/src/App.js                              |    43 +
 client/src/App.test.js                         |     9 +
 client/src/ConstantDB/Animal_Case.json         |   201 +
 client/src/ConstantDB/Human_case.json          |   614 ++
 client/src/ConstantDB/animal.json              |    80 +
 client/src/ConstantDB/animal_owner.json        |    64 +
 client/src/ConstantDB/clusteringDB.json        |   184 +
 client/src/ConstantDB/disease.json             |   168 +
 client/src/ConstantDB/healthCenter.json        |    54 +
 client/src/ConstantDB/livestock.json           |    32 +
 client/src/ConstantDB/outbreak.json            |   179 +
 client/src/ConstantDB/package-lock.json        |   116 +
 client/src/ConstantDB/vaccine.json             |    34 +
 client/src/components/Admin.js                 |     0
 client/src/components/Animal_Case.js           |   146 +
 client/src/components/AppNavbar.js             |    43 +
 client/src/components/Health_center.js         |     0
 client/src/components/Home.js                  |    99 +
 client/src/components/Human_Case.js            |   144 +
 client/src/components/LoginPageAdmin.js        |    53 +
 client/src/components/LoginPageHealthCenter.js |    57 +
 client/src/components/Search.js                |     0
 client/src/components/SignUpPage.js            |    73 +
 client/src/components/cars.css                 |    25 +
 client/src/components/signup.css               |    73 +
 client/src/images/Login.png                    |   Bin 0 -> 1061 bytes
 client/src/images/background.jpg               |   Bin 0 -> 18025 bytes
 client/src/images/edit.png                     |   Bin 0 -> 1117 bytes
 client/src/index.css                           |    14 +
 client/src/index.js                            |    17 +
 client/src/logo.svg                            |     7 +
 client/src/serviceWorker.js                    |   141 +
 client/src/setupTests.js                       |     5 +
 client/yarn.lock                               | 11028 +++++++++++++++++++++++
 45 files changed, 13903 insertions(+), 1 deletion(-)
 create mode 100644 client/.gitignore
 create mode 100644 client/README.md
 create mode 100644 client/package.json
 create mode 100644 client/public/favicon.ico
 create mode 100644 client/public/index.html
 create mode 100644 client/public/logo192.png
 create mode 100644 client/public/logo512.png
 create mode 100644 client/public/manifest.json
 create mode 100644 client/public/robots.txt
 create mode 100644 client/src/App.css
 create mode 100644 client/src/App.js
 create mode 100644 client/src/App.test.js
 create mode 100644 client/src/ConstantDB/Animal_Case.json
 create mode 100644 client/src/ConstantDB/Human_case.json
 create mode 100644 client/src/ConstantDB/animal.json
 create mode 100644 client/src/ConstantDB/animal_owner.json
 create mode 100644 client/src/ConstantDB/clusteringDB.json
 create mode 100644 client/src/ConstantDB/disease.json
 create mode 100644 client/src/ConstantDB/healthCenter.json
 create mode 100644 client/src/ConstantDB/livestock.json
 create mode 100644 client/src/ConstantDB/outbreak.json
 create mode 100644 client/src/ConstantDB/package-lock.json
 create mode 100644 client/src/ConstantDB/vaccine.json
 create mode 100644 client/src/components/Admin.js
 create mode 100644 client/src/components/Animal_Case.js
 create mode 100644 client/src/components/AppNavbar.js
 create mode 100644 client/src/components/Health_center.js
 create mode 100644 client/src/components/Home.js
 create mode 100644 client/src/components/Human_Case.js
 create mode 100644 client/src/components/LoginPageAdmin.js
 create mode 100644 client/src/components/LoginPageHealthCenter.js
 create mode 100644 client/src/components/Search.js
 create mode 100644 client/src/components/SignUpPage.js
 create mode 100644 client/src/components/cars.css
 create mode 100644 client/src/components/signup.css
 create mode 100644 client/src/images/Login.png
 create mode 100644 client/src/images/background.jpg
 create mode 100644 client/src/images/edit.png
 create mode 100644 client/src/index.css
 create mode 100644 client/src/index.js
 create mode 100644 client/src/logo.svg
 create mode 100644 client/src/serviceWorker.js
 create mode 100644 client/src/setupTests.js
 create mode 100644 client/yarn.lock

C:\Users\Dell\DiseaseXSchema>code .

C:\Users\Dell\DiseaseXSchema>cd client

C:\Users\Dell\DiseaseXSchema\client>yarn install
yarn install v1.22.4
warning ..\..\package.json: No license field
[1/4] Resolving packages...
[2/4] Fetching packages...
info fsevents@2.1.2: The platform "win32" is incompatible with this module.
info "fsevents@2.1.2" is an optional dependency and failed compatibility check. Excluding it from installation.
info fsevents@1.2.12: The platform "win32" is incompatible with this module.
info "fsevents@1.2.12" is an optional dependency and failed compatibility check. Excluding it from installation.
[3/4] Linking dependencies...
warning " > @testing-library/user-event@7.2.1" has unmet peer dependency "@testing-library/dom@>=5".
warning " > bootstrap@4.5.0" has unmet peer dependency "jquery@1.9.1 - 3".
warning " > bootstrap@4.5.0" has unmet peer dependency "popper.js@^1.16.0".
warning "react-scripts > @typescript-eslint/eslint-plugin > tsutils@3.17.1" has unmet peer dependency "typescript@>=2.8.0 || >= 3.2.0-dev || >= 3.3.0-dev || >= 3.4.0-dev || >= 3.5.0-dev || >= 3.6.0-dev || >= 3.6.0-beta || >= 3.7.0-dev || >= 3.7.0-beta".
[4/4] Building fresh packages...
Done in 390.15s.

C:\Users\Dell\DiseaseXSchema\client>yarn start
yarn run v1.22.4
warning ..\..\package.json: No license field
$ react-scripts start
i ｢wds｣: Project is running at http://192.168.43.149/
i ｢wds｣: webpack output is served from
i ｢wds｣: Content not from webpack is served from C:\Users\Dell\DiseaseXSchema\client\public
i ｢wds｣: 404s will fallback to /
Starting the development server...
Compiled with warnings.

./src/components/AppNavbar.js
  Line 10:3:  'NavItem' is defined but never used  no-unused-vars

./src/components/Human_Case.js
  Line 11:3:   'Label' is defined but never used                                                                          no-unused-vars
  Line 12:3:   'Input' is defined but never used                                                                          no-unused-vars
  Line 15:8:   'Search' is defined but never used                                                                         no-unused-vars
  Line 70:21:  img elements must have an alt prop, either with meaningful text, or an empty string for decorative images  jsx-a11y/alt-text

./src/components/Animal_Case.js
  Line 11:3:   'Label' is defined but never used                                                                          no-unused-vars
  Line 12:3:   'Input' is defined but never used                                                                          no-unused-vars
  Line 15:8:   'Search' is defined but never used                                                                         no-unused-vars
  Line 72:21:  img elements must have an alt prop, either with meaningful text, or an empty string for decorative images  jsx-a11y/alt-text

./src/App.js
  Line 2:42:  'Link' is defined but never used  no-unused-vars
  Line 4:8:   'logo' is defined but never used  no-unused-vars

./src/components/LoginPageAdmin.js
  Line 44:28:  The href attribute requires a valid value to be accessible. Provide a valid, navigable address as the href value. If you cannot provide a valid href, but still need the element to resemble a link, use a button and change it with appropriate styles. Learn more: https://github.com/evcohen/eslint-plugin-jsx-a11y/blob/master/docs/rules/anchor-is-valid.md  jsx-a11y/anchor-is-valid

./src/components/LoginPageHealthCenter.js
  Line 45:28:  The href attribute requires a valid value to be accessible. Provide a valid, navigable address as the href value. If you cannot provide a valid href, but still need the element to resemble a link, use a button and change it with appropriate styles. Learn more: https://github.com/evcohen/eslint-plugin-jsx-a11y/blob/master/docs/rules/anchor-is-valid.md  jsx-a11y/anchor-is-valid

./src/components/Home.js
  Line 6:3:    'Card' is defined but never used                                                                           no-unused-vars
  Line 7:3:    'CardImg' is defined but never used                                                                        no-unused-vars
  Line 8:3:    'CardText' is defined but never used                                                                       no-unused-vars
  Line 9:3:    'CardBody' is defined but never used                                                                       no-unused-vars
  Line 10:3:   'CardTitle' is defined but never used                                                                      no-unused-vars
  Line 11:3:   'CardSubtitle' is defined but never used                                                                   no-unused-vars
  Line 13:3:   'Image' is defined but never used                                                                          no-unused-vars
  Line 14:3:   'ButtonGroup' is defined but never used                                                                    no-unused-vars
  Line 16:8:   'Login' is defined but never used                                                                          no-unused-vars
  Line 69:13:  img elements must have an alt prop, either with meaningful text, or an empty string for decorative images  jsx-a11y/alt-text

Search for the keywords to learn more about each warning.
To ignore, add // eslint-disable-next-line to the line before.

Terminate batch job (Y/N)? y

C:\Users\Dell\DiseaseXSchema\client>git status
On branch Hitesha
Your branch is ahead of 'origin/Hitesha' by 7 commits.
  (use "git push" to publish your local commits)

Changes not staged for commit:
  (use "git add/rm <file>..." to update what will be committed)
  (use "git restore <file>..." to discard changes in working directory)
        deleted:    ../clientt

no changes added to commit (use "git add" and/or "git commit -a")

C:\Users\Dell\DiseaseXSchema\client>git add .

C:\Users\Dell\DiseaseXSchema\client>git status
On branch Hitesha
Your branch is ahead of 'origin/Hitesha' by 7 commits.
  (use "git push" to publish your local commits)

Changes not staged for commit:
  (use "git add/rm <file>..." to update what will be committed)
  (use "git restore <file>..." to discard changes in working directory)
        deleted:    ../clientt

no changes added to commit (use "git add" and/or "git commit -a")

C:\Users\Dell\DiseaseXSchema\client>git status
On branch Hitesha
Your branch is ahead of 'origin/Hitesha' by 7 commits.
  (use "git push" to publish your local commits)

Changes not staged for commit:
  (use "git add/rm <file>..." to update what will be committed)
  (use "git restore <file>..." to discard changes in working directory)
        deleted:    ../clientt

no changes added to commit (use "git add" and/or "git commit -a")

C:\Users\Dell\DiseaseXSchema\client>cd ..

C:\Users\Dell\DiseaseXSchema>git status
On branch Hitesha
Your branch is ahead of 'origin/Hitesha' by 7 commits.
  (use "git push" to publish your local commits)

Changes not staged for commit:
  (use "git add/rm <file>..." to update what will be committed)
  (use "git restore <file>..." to discard changes in working directory)
        deleted:    clientt

no changes added to commit (use "git add" and/or "git commit -a")

C:\Users\Dell\DiseaseXSchema>git add .

C:\Users\Dell\DiseaseXSchema>git status
On branch Hitesha
Your branch is ahead of 'origin/Hitesha' by 7 commits.
  (use "git push" to publish your local commits)

Changes to be committed:
  (use "git restore --staged <file>..." to unstage)
        deleted:    clientt


C:\Users\Dell\DiseaseXSchema>git commit -m "thrash deleted"
[Hitesha 149b56f] thrash deleted
 1 file changed, 1 deletion(-)
 delete mode 160000 clientt

C:\Users\Dell\DiseaseXSchema>git push origin Hitesha
Enumerating objects: 5, done.
Counting objects: 100% (5/5), done.
Delta compression using up to 4 threads
Compressing objects: 100% (3/3), done.
Writing objects: 100% (3/3), 517 bytes | 258.00 KiB/s, done.
Total 3 (delta 0), reused 0 (delta 0)
To https://github.com/rohg007/DiseaseXSchema.git
   f59c985..149b56f  Hitesha -> Hitesha

C:\Users\Dell\DiseaseXSchema>